// Jest Snapshot v1, https://goo.gl/fbAQLP

exports[`Login Screen matches snapshot 1`] = `
<View
  style={
    Object {
      "alignItems": "center",
      "backgroundColor": "#F5FCFF",
      "flex": 1,
      "justifyContent": "center",
      "padding": 10,
    }
  }
>
  <View
    style={
      Object {
        "width": "80%",
      }
    }
  >
    <TextInput
      allowFontScaling={true}
      onChangeText={[Function]}
      placeholder="Username"
      rejectResponderTermination={true}
      style={
        Object {
          "backgroundColor": "#DDD",
          "borderRadius": 4,
          "marginBottom": 10,
          "paddingHorizontal": 12,
          "paddingVertical": 10,
        }
      }
      underlineColorAndroid="transparent"
    />
  </View>
  <View
    style={
      Object {
        "width": "80%",
      }
    }
  >
    <TextInput
      allowFontScaling={true}
      onChangeText={[Function]}
      placeholder="Password"
      rejectResponderTermination={true}
      secureTextEntry={true}
      style={
        Object {
          "backgroundColor": "#DDD",
          "borderRadius": 4,
          "marginBottom": 10,
          "paddingHorizontal": 12,
          "paddingVertical": 10,
        }
      }
      underlineColorAndroid="transparent"
    />
    <View
      accessible={true}
      isTVSelectable={true}
      onResponderGrant={[Function]}
      onResponderMove={[Function]}
      onResponderRelease={[Function]}
      onResponderTerminate={[Function]}
      onResponderTerminationRequest={[Function]}
      onStartShouldSetResponder={[Function]}
      style={
        Object {
          "alignItems": "center",
          "backgroundColor": "#CCC",
          "borderBottomRightRadius": 4,
          "borderTopRightRadius": 4,
          "height": 47.5,
          "marginRight": -10,
          "opacity": 1,
          "paddingTop": 16,
          "position": "absolute",
          "right": 10,
          "top": 0,
          "width": 40,
        }
      }
    >
      <Text
        allowFontScaling={false}
        style={
          Array [
            Object {
              "color": undefined,
              "fontSize": 12,
            },
            Object {
              "color": "black",
              "fontSize": 18,
            },
            Object {
              "fontFamily": "FontAwesome5Free-Regular",
              "fontStyle": "normal",
              "fontWeight": "normal",
            },
            Object {
              "fontWeight": "400",
            },
          ]
        }
      >
        ÔÅÆ
      </Text>
    </View>
  </View>
  <View
    accessible={true}
    isTVSelectable={true}
    onResponderGrant={[Function]}
    onResponderMove={[Function]}
    onResponderRelease={[Function]}
    onResponderTerminate={[Function]}
    onResponderTerminationRequest={[Function]}
    onStartShouldSetResponder={[Function]}
    style={
      Object {
        "backgroundColor": "#02b2cc",
        "borderRadius": 4,
        "opacity": 1,
        "padding": 10,
        "width": "80%",
      }
    }
  >
    <Text
      style={
        Object {
          "alignSelf": "center",
          "color": "white",
          "fontWeight": "bold",
        }
      }
    >
      Login
    </Text>
  </View>
  <View
    accessible={true}
    isTVSelectable={true}
    onResponderGrant={[Function]}
    onResponderMove={[Function]}
    onResponderRelease={[Function]}
    onResponderTerminate={[Function]}
    onResponderTerminationRequest={[Function]}
    onStartShouldSetResponder={[Function]}
    style={
      Object {
        "opacity": 1,
      }
    }
  >
    <Text
      style={
        Object {
          "marginTop": 40,
          "textDecorationLine": "underline",
        }
      }
    >
      Not registered yet? Sign Up
    </Text>
  </View>
</View>
`;
